[
  {
    "Item": {
      "Id": "3fca6d8a-75c1-491a-9178-90343551364a",
      "PartitionKey": "81dc4acd-dcbe-4d5f-a36f-21a35f158b2c",
      "TypeName": "test-item",
      "CreatedDate": "2025-01-04T01:26:26.710549Z",
      "UpdatedDate": "2025-01-04T01:26:26.710549Z",
      "DeletedDate": null,
      "IsDeleted": null,
      "ETag": "98050F7C-F299-48A6-98F4-7904CB81ADEF",
      "Message": "Message #1"
    }
  },
  {
    "Item": {
      "Id": "648de92a-b7e8-41c5-a5d2-bdf0cc65d67c",
      "PartitionKey": "e36f287e-188d-4a74-9db7-dab74282b5dd",
      "TypeName": "test-item",
      "CreatedDate": "2025-01-04T01:26:27.58377Z",
      "UpdatedDate": "2025-01-04T01:26:27.58377Z",
      "DeletedDate": null,
      "IsDeleted": null,
      "ETag": "2DDF539F-52A1-49E5-A7E7-8283D68556EA",
      "Message": "Message #2"
    }
  }
]
