{
  "HttpStatusCode": "UnprocessableEntity",
  "Message": "The 'Trelnex.Core.Data.Tests.Validation.TestItem' is not valid.",
  "Errors": {
    "Id": [
      "The specified condition was not met for 'Id'."
    ],
    "Message": [
      "The specified condition was not met for 'Message'."
    ]
  }
}
