[
  {
    "HttpStatusCode": "OK",
    "ReadResult": {
      "Item": {
        "Id": "e89a2934-b506-4cc7-bf03-4148b3a10ace",
        "PartitionKey": "0a7bc917-5670-41cf-87b7-7d97d51ecb82",
        "TypeName": "test-item",
        "CreatedDate": "2025-01-10T16:27:03.396325Z",
        "UpdatedDate": "2025-01-10T16:27:03.519226Z",
        "DeletedDate": null,
        "IsDeleted": null,
        "ETag": "\"6805ab3d-0000-0300-0000-67814a570000\"",
        "Message": "Message #3"
      }
    }
  },
  {
    "HttpStatusCode": "OK",
    "ReadResult": {
      "Item": {
        "Id": "7058e816-5913-4fc7-92ae-d3bf14c7c9b4",
        "PartitionKey": "0a7bc917-5670-41cf-87b7-7d97d51ecb82",
        "TypeName": "test-item",
        "CreatedDate": "2025-01-10T16:27:03.396361Z",
        "UpdatedDate": "2025-01-10T16:27:03.587301Z",
        "DeletedDate": null,
        "IsDeleted": null,
        "ETag": "\"6805ae3d-0000-0300-0000-67814a570000\"",
        "Message": "Message #4"
      }
    }
  }
]
