[
  {
    "HttpStatusCode": "OK",
    "ReadResult": {
      "Item": {
        "Id": "6704a3e2-1757-4540-aa07-16f36a567ce6",
        "PartitionKey": "75e5d19c-e809-49ed-a7ba-a89e96217ed3",
        "TypeName": "test-item",
        "CreatedDate": "2025-01-10T16:27:01.949214Z",
        "UpdatedDate": "2025-01-10T16:27:01.949214Z",
        "DeletedDate": "2025-01-10T16:27:02.08097Z",
        "IsDeleted": true,
        "ETag": "\"6805ef3c-0000-0300-0000-67814a560000\"",
        "Message": "Message #1"
      }
    }
  },
  {
    "HttpStatusCode": "OK",
    "ReadResult": {
      "Item": {
        "Id": "41981704-8fc4-4da1-b12a-e913f1dfa0dc",
        "PartitionKey": "75e5d19c-e809-49ed-a7ba-a89e96217ed3",
        "TypeName": "test-item",
        "CreatedDate": "2025-01-10T16:27:01.94929Z",
        "UpdatedDate": "2025-01-10T16:27:01.94929Z",
        "DeletedDate": "2025-01-10T16:27:02.150291Z",
        "IsDeleted": true,
        "ETag": "\"6805f13c-0000-0300-0000-67814a560000\"",
        "Message": "Message #2"
      }
    }
  }
]
