[
  {
    "HttpStatusCode": "OK",
    "ReadResult": {
      "Item": {
        "Id": "267e3d9e-55be-4030-be5a-793bd5f59147",
        "PartitionKey": "355bff90-f0b6-4a50-8b49-ba9882820390",
        "TypeName": "test-item",
        "CreatedDate": "2025-01-10T16:07:33.285182Z",
        "UpdatedDate": "2025-01-10T16:07:33.285182Z",
        "DeletedDate": null,
        "IsDeleted": null,
        "ETag": "3ae7971f-d6c0-4b13-ad7e-e70b8c259c01",
        "Message": "Message #1"
      }
    }
  },
  {
    "HttpStatusCode": "OK",
    "ReadResult": {
      "Item": {
        "Id": "a18c881a-2268-4651-b4c2-2c5ac992f0f3",
        "PartitionKey": "355bff90-f0b6-4a50-8b49-ba9882820390",
        "TypeName": "test-item",
        "CreatedDate": "2025-01-10T16:07:33.323468Z",
        "UpdatedDate": "2025-01-10T16:07:33.323468Z",
        "DeletedDate": null,
        "IsDeleted": null,
        "ETag": "9ccc9d98-c5ee-45fe-9e36-00f5774694a6",
        "Message": "Message #2"
      }
    }
  }
]
