[
  {
    "HttpStatusCode": "OK",
    "ReadResult": {
      "Item": {
        "Id": "6704a3e2-1757-4540-aa07-16f36a567ce6",
        "PartitionKey": "75e5d19c-e809-49ed-a7ba-a89e96217ed3",
        "TypeName": "test-item",
        "CreatedDate": "2025-01-10T16:13:08.447611Z",
        "UpdatedDate": "2025-01-10T16:13:08.447611Z",
        "DeletedDate": "2025-01-10T16:13:08.448868Z",
        "IsDeleted": true,
        "ETag": "c63cd2c2-18c3-4d62-8f36-40a607b438b7",
        "Message": "Message #1"
      }
    }
  },
  {
    "HttpStatusCode": "OK",
    "ReadResult": {
      "Item": {
        "Id": "41981704-8fc4-4da1-b12a-e913f1dfa0dc",
        "PartitionKey": "75e5d19c-e809-49ed-a7ba-a89e96217ed3",
        "TypeName": "test-item",
        "CreatedDate": "2025-01-10T16:13:08.447632Z",
        "UpdatedDate": "2025-01-10T16:13:08.447632Z",
        "DeletedDate": "2025-01-10T16:13:08.448959Z",
        "IsDeleted": true,
        "ETag": "e138ea83-9c20-412a-a43e-78953cc6b697",
        "Message": "Message #2"
      }
    }
  }
]
