[
  {
    "HttpStatusCode": "OK",
    "ReadResult": {
      "Item": {
        "Id": "e89a2934-b506-4cc7-bf03-4148b3a10ace",
        "PartitionKey": "0a7bc917-5670-41cf-87b7-7d97d51ecb82",
        "TypeName": "test-item",
        "CreatedDate": "2025-01-10T16:07:39.955527Z",
        "UpdatedDate": "2025-01-10T16:07:39.956544Z",
        "DeletedDate": null,
        "IsDeleted": null,
        "ETag": "f6eea2f2-199a-4d79-ad87-f12b03272085",
        "Message": "Message #3"
      }
    }
  },
  {
    "HttpStatusCode": "OK",
    "ReadResult": {
      "Item": {
        "Id": "7058e816-5913-4fc7-92ae-d3bf14c7c9b4",
        "PartitionKey": "0a7bc917-5670-41cf-87b7-7d97d51ecb82",
        "TypeName": "test-item",
        "CreatedDate": "2025-01-10T16:07:39.955553Z",
        "UpdatedDate": "2025-01-10T16:07:39.957962Z",
        "DeletedDate": null,
        "IsDeleted": null,
        "ETag": "e8c82d97-fb5e-4a3e-b821-a2c6d9b3897d",
        "Message": "Message #4"
      }
    }
  }
]
