{
  "saved": [
    {
      "HttpStatusCode": "FailedDependency",
      "ReadResult": null
    },
    {
      "HttpStatusCode": "InternalServerError",
      "ReadResult": null
    }
  ],
  "read": [
    {
      "Item": {
        "Id": "a0ac8a58-2d76-40d2-9f14-1dd5543e8429",
        "PartitionKey": "ae9d5360-1e01-480a-9465-4da82ee882b7",
        "TypeName": "test-item",
        "CreatedDate": "2025-01-10T17:09:41.346422Z",
        "UpdatedDate": "2025-01-10T17:09:41.346422Z",
        "DeletedDate": null,
        "IsDeleted": null,
        "ETag": "B49E60F7-724D-4E06-8528-5382A0D4825C",
        "Message": "Message #0"
      }
    }
  ]
}
