[
  {
    "HttpStatusCode": "OK",
    "ReadResult": {
      "Item": {
        "Id": "6704a3e2-1757-4540-aa07-16f36a567ce6",
        "PartitionKey": "75e5d19c-e809-49ed-a7ba-a89e96217ed3",
        "TypeName": "test-item",
        "CreatedDate": "2025-01-10T17:09:43.184172Z",
        "UpdatedDate": "2025-01-10T17:09:43.184172Z",
        "DeletedDate": "2025-01-10T17:09:44.161253Z",
        "IsDeleted": true,
        "ETag": "A740366F-7BBB-4229-98BF-8A05A750D131",
        "Message": "Message #1"
      }
    }
  },
  {
    "HttpStatusCode": "OK",
    "ReadResult": {
      "Item": {
        "Id": "41981704-8fc4-4da1-b12a-e913f1dfa0dc",
        "PartitionKey": "75e5d19c-e809-49ed-a7ba-a89e96217ed3",
        "TypeName": "test-item",
        "CreatedDate": "2025-01-10T17:09:43.184214Z",
        "UpdatedDate": "2025-01-10T17:09:43.184214Z",
        "DeletedDate": "2025-01-10T17:09:44.458717Z",
        "IsDeleted": true,
        "ETag": "4A569C7D-CA32-4C13-99ED-A4AA1F3FFDAA",
        "Message": "Message #2"
      }
    }
  }
]
