[
  {
    "HttpStatusCode": "OK",
    "ReadResult": {
      "Item": {
        "Id": "e89a2934-b506-4cc7-bf03-4148b3a10ace",
        "PartitionKey": "0a7bc917-5670-41cf-87b7-7d97d51ecb82",
        "TypeName": "test-item",
        "CreatedDate": "2025-01-10T17:09:48.679328Z",
        "UpdatedDate": "2025-01-10T17:09:49.709868Z",
        "DeletedDate": null,
        "IsDeleted": null,
        "ETag": "DAD0A6C5-5DAB-4CB8-9364-1AC693E90583",
        "Message": "Message #3"
      }
    }
  },
  {
    "HttpStatusCode": "OK",
    "ReadResult": {
      "Item": {
        "Id": "7058e816-5913-4fc7-92ae-d3bf14c7c9b4",
        "PartitionKey": "0a7bc917-5670-41cf-87b7-7d97d51ecb82",
        "TypeName": "test-item",
        "CreatedDate": "2025-01-10T17:09:48.679358Z",
        "UpdatedDate": "2025-01-10T17:09:50.009045Z",
        "DeletedDate": null,
        "IsDeleted": null,
        "ETag": "704F167F-F947-4856-8FE6-E20D83D44DF3",
        "Message": "Message #4"
      }
    }
  }
]
