{
  "saved": [
    {
      "HttpStatusCode": "FailedDependency",
      "ReadResult": null
    },
    {
      "HttpStatusCode": "InternalServerError",
      "ReadResult": null
    }
  ],
  "read": [
    {
      "Item": {
        "Id": "0ffc3bd2-b33f-4902-a4bf-b804d8aa01e9",
        "PartitionKey": "c25361d6-3d14-452d-a99d-22ef7c85d70e",
        "TypeName": "test-item",
        "CreatedDate": "2025-01-10T17:09:45.440448Z",
        "UpdatedDate": "2025-01-10T17:09:45.440448Z",
        "DeletedDate": null,
        "IsDeleted": null,
        "ETag": "20244E36-DAA7-47C7-BD1B-FF0A2AC685B6",
        "Message": "Message #1"
      }
    }
  ]
}
