{
  "saved": [
    {
      "HttpStatusCode": "FailedDependency",
      "ReadResult": null
    },
    {
      "HttpStatusCode": "InternalServerError",
      "ReadResult": null
    }
  ],
  "read": [
    {
      "Item": {
        "Id": "3107d2ff-9f33-4718-b180-f7b65223fba8",
        "PartitionKey": "90eabddb-a71a-4ccb-aa1a-062590597fb2",
        "TypeName": "test-item",
        "CreatedDate": "2025-01-10T17:09:50.981035Z",
        "UpdatedDate": "2025-01-10T17:09:50.981035Z",
        "DeletedDate": null,
        "IsDeleted": null,
        "ETag": "D8881DEB-91E2-4F42-B33D-61E71AAF852E",
        "Message": "Message #1"
      }
    },
    {
      "Item": {
        "Id": "5f969f1c-c115-4982-949b-4e4987197dfe",
        "PartitionKey": "90eabddb-a71a-4ccb-aa1a-062590597fb2",
        "TypeName": "test-item",
        "CreatedDate": "2025-01-10T17:09:50.981105Z",
        "UpdatedDate": "2025-01-10T17:09:51.971816Z",
        "DeletedDate": null,
        "IsDeleted": null,
        "ETag": "4A7921B0-A051-434D-B853-90E33CB61F5D",
        "Message": "Message #0"
      }
    }
  ]
}
