[
  {
    "HttpStatusCode": "OK",
    "ReadResult": {
      "Item": {
        "Id": "267e3d9e-55be-4030-be5a-793bd5f59147",
        "PartitionKey": "355bff90-f0b6-4a50-8b49-ba9882820390",
        "TypeName": "test-item",
        "CreatedDate": "2025-01-10T17:09:39.914838Z",
        "UpdatedDate": "2025-01-10T17:09:39.914838Z",
        "DeletedDate": null,
        "IsDeleted": null,
        "ETag": "AFCE29AA-E868-4C6B-9A58-2AD0519AA54B",
        "Message": "Message #1"
      }
    }
  },
  {
    "HttpStatusCode": "OK",
    "ReadResult": {
      "Item": {
        "Id": "a18c881a-2268-4651-b4c2-2c5ac992f0f3",
        "PartitionKey": "355bff90-f0b6-4a50-8b49-ba9882820390",
        "TypeName": "test-item",
        "CreatedDate": "2025-01-10T17:09:39.946348Z",
        "UpdatedDate": "2025-01-10T17:09:39.946348Z",
        "DeletedDate": null,
        "IsDeleted": null,
        "ETag": "378711CC-B900-4761-AA49-BE677B6A5C89",
        "Message": "Message #2"
      }
    }
  }
]
