[
  {
    "Item": {
      "Id": "a8a7e18c-ad14-4c46-9ad1-c9eca4cec445",
      "PartitionKey": "ed6e4800-54a3-4207-81e6-967a33988c5c",
      "TypeName": "test-item",
      "CreatedDate": "2024-10-20T03:48:33.857906Z",
      "UpdatedDate": "2024-10-20T03:48:33.857906Z",
      "DeletedDate": null,
      "IsDeleted": null,
      "ETag": "a9b50d76-4c7f-4317-86c0-3c3dbfdeec45",
      "PublicMessage": "Public #1",
      "PrivateMessage": "Private #1"
    }
  }
]
