[
  {
    "Item": {
      "Id": "88b6ec88-1985-4805-be97-0af168b7de7e",
      "PartitionKey": "0924a974-675f-4c21-b237-7a7e6781046c",
      "TypeName": "item-test",
      "CreatedDate": "2024-10-20T03:48:33.845561Z",
      "UpdatedDate": "2024-10-20T03:48:33.845561Z",
      "DeletedDate": null,
      "IsDeleted": null,
      "ETag": "fe6611ba-6a28-4675-9a6d-b9e662258593",
      "PublicMessage": "Public #2",
      "PrivateMessage": "Private #2"
    }
  },
  {
    "Item": {
      "Id": "920073a0-9dc9-44b0-93c0-46a659449768",
      "PartitionKey": "f32dcad3-0f60-4f09-acaf-64958f2f559b",
      "TypeName": "item-test",
      "CreatedDate": "2024-10-20T03:48:33.845476Z",
      "UpdatedDate": "2024-10-20T03:48:33.845476Z",
      "DeletedDate": null,
      "IsDeleted": null,
      "ETag": "9589bdd1-c47c-4c79-b3a7-7e962130dea6",
      "PublicMessage": "Public #1",
      "PrivateMessage": "Private #1"
    }
  }
]
