{
  "Item": {
    "Id": "e8ea5d6d-5321-4b03-b437-2b8d6c8ce60d",
    "PartitionKey": "a30664e2-78d0-494f-bbf8-ee43328f09aa",
    "TypeName": "test-item",
    "CreatedDate": "2024-10-18T23:53:26.103978Z",
    "UpdatedDate": "2024-10-18T23:53:26.104601Z",
    "DeletedDate": null,
    "IsDeleted": null,
    "ETag": "39c873d3-4104-4577-b3d7-92f1d6b6c023",
    "PublicMessage": "Public #2",
    "PrivateMessage": "Private #2"
  }
}
